<meta charset="utf-8">
<title>CACHE BREAK</title>
<link rel="stylesheet" href="css/main.css?rel=test_query_a">
<!--[if lt IE 9]>
  <script src="js/html5shiv-printshiv.js"></script>
<![endif]-->
<script defer src="js/libs.js"></script>
<script defer src="js/main.js?rel=test_query_a"></script>